/** 
测试环境信息
CN：127.0.0.1
    WORKER1：worker_1_host/57637
    WORKER2：worker_2_host/57638
    WORKER3：worker_3_host/57639

worker_1_host、worker_2_host、worker_3_host：都是127.0.0.1
*/
set datestyle = ISO, YMD;
set search_path = cigration_regress_test, cigration, public;
set citus.shard_count = 8;
set client_min_messages to warning;
drop schema if exists cigration_regress_test cascade;
create schema cigration_regress_test;
--
-- 1. 建表
--
-- 创建2组亲和的分片表
create table dist1(c1 int primary key, c2 text);
create table dist2(c1 int primary key, c2 text);
create table dist3(c1 int primary key, c2 text);
create table dist4(c1 int primary key, c2 text);
select create_distributed_table('dist1','c1', colocate_with=>'none');
 create_distributed_table 
--------------------------
 
(1 row)

select create_distributed_table('dist2','c1', colocate_with=>'dist1');
 create_distributed_table 
--------------------------
 
(1 row)

select create_distributed_table('dist3','c1', colocate_with=>'dist1');
 create_distributed_table 
--------------------------
 
(1 row)

select create_distributed_table('dist4','c1', colocate_with=>'none');
 create_distributed_table 
--------------------------
 
(1 row)

-- 插入数据
insert into dist1 select generate_series(1,100000), 'aaa';
insert into dist2 select generate_series(1,10000), 'bbb';
insert into dist4 select generate_series(1,100000), 'ddd';
-- 创建2条有toast存储的记录
insert into dist2 values(10001,repeat('a',10000)),(10002,repeat('a',10000));
-- 创建无主键，最长名称(63)且带大写字符的表
-- 在事务块(包括函数内)调用create_distributed_table()时，输入表名长度超过55会触发citus分布式死锁
create table "1234567890123456789012345678901234567890_Maxdist_01234567890123"(c1 int, c2 text);
select cigration.cigration_create_distributed_table('"1234567890123456789012345678901234567890_Maxdist_01234567890123"','c1');
 cigration_create_distributed_table 
------------------------------------
 
(1 row)

insert into "1234567890123456789012345678901234567890_Maxdist_01234567890123" select generate_series(1,100000), 'ddd';
-- 创建和普通分片表亲和的unlogged分片表,期待异常报错
create unlogged table tb_unlogged(c1 int primary key, c2 text);
select create_distributed_table('tb_unlogged','c1', colocate_with=>'dist1');
 create_distributed_table 
--------------------------
 
(1 row)

select * from cigration_create_move_node_job(:'worker_1_host', :worker_1_port, :'worker_3_host', :worker_3_port);
ERROR:  there are unlogged distributed table which colocate with normal distributed table in 1 colocation groups.
CONTEXT:  PL/pgSQL function cigration_create_general_shard_migration_job(text[],text[]) line 108 at RAISE
SQL statement "select cigration.cigration_create_general_shard_migration_job(array[concat(input_source_nodename, ':', input_source_nodeport)], array[concat(input_target_nodename, ':', input_target_nodeport)])"
PL/pgSQL function cigration_create_move_node_job(text,integer,text,integer) line 41 at SQL statement
drop table tb_unlogged;
-- 创建独立的unlogged分片表，期待被分片任务排除
create unlogged table tb_unlogged(c1 int primary key, c2 text);
select create_distributed_table('tb_unlogged','c1', colocate_with=>'none');
 create_distributed_table 
--------------------------
 
(1 row)

-- 创建多副本分片表，期待被分片任务排除
create table tb_two_replica(c1 int primary key, c2 text);
set citus.shard_replication_factor = 2;
select cigration.cigration_create_distributed_table('tb_two_replica','c1');
 cigration_create_distributed_table 
------------------------------------
 
(1 row)

reset citus.shard_replication_factor;
-- 创建append分片表，期待被分片任务排除
create table tb_append(c1 int primary key, c2 text);
select cigration.cigration_create_distributed_table('tb_append','c1','append');
 cigration_create_distributed_table 
------------------------------------
 
(1 row)

-- 创建参考表，期待被分片任务排除
create table tb_ref(c1 int primary key, c2 text);
select create_reference_table('tb_ref');
 create_reference_table 
------------------------
 
(1 row)

-- 查看所有分片的初始分布
select nodename,
       nodeport,
	   logicalrelid,
	   shardminvalue,
	   shardmaxvalue
from pg_dist_shard_placement p
     join pg_dist_shard s on(p.shardid = s.shardid)
where logicalrelid::text ~ 'dist'
order by nodename,nodeport,logicalrelid,shardminvalue;
 nodename  | nodeport |                           logicalrelid                            | shardminvalue | shardmaxvalue 
-----------+----------+-------------------------------------------------------------------+---------------+---------------
 localhost |    57637 | dist1                                                             | 1073741824    | 1610612735
 localhost |    57637 | dist1                                                             | -2147483648   | -1610612737
 localhost |    57637 | dist1                                                             | -536870912    | -1
 localhost |    57637 | dist2                                                             | 1073741824    | 1610612735
 localhost |    57637 | dist2                                                             | -2147483648   | -1610612737
 localhost |    57637 | dist2                                                             | -536870912    | -1
 localhost |    57637 | dist3                                                             | 1073741824    | 1610612735
 localhost |    57637 | dist3                                                             | -2147483648   | -1610612737
 localhost |    57637 | dist3                                                             | -536870912    | -1
 localhost |    57637 | dist4                                                             | 1073741824    | 1610612735
 localhost |    57637 | dist4                                                             | -2147483648   | -1610612737
 localhost |    57637 | dist4                                                             | -536870912    | -1
 localhost |    57637 | "1234567890123456789012345678901234567890_Maxdist_01234567890123" | 1073741824    | 1610612735
 localhost |    57637 | "1234567890123456789012345678901234567890_Maxdist_01234567890123" | -2147483648   | -1610612737
 localhost |    57637 | "1234567890123456789012345678901234567890_Maxdist_01234567890123" | -536870912    | -1
 localhost |    57638 | dist1                                                             | 0             | 536870911
 localhost |    57638 | dist1                                                             | 1610612736    | 2147483647
 localhost |    57638 | dist1                                                             | -1610612736   | -1073741825
 localhost |    57638 | dist2                                                             | 0             | 536870911
 localhost |    57638 | dist2                                                             | 1610612736    | 2147483647
 localhost |    57638 | dist2                                                             | -1610612736   | -1073741825
 localhost |    57638 | dist3                                                             | 0             | 536870911
 localhost |    57638 | dist3                                                             | 1610612736    | 2147483647
 localhost |    57638 | dist3                                                             | -1610612736   | -1073741825
 localhost |    57638 | dist4                                                             | 0             | 536870911
 localhost |    57638 | dist4                                                             | 1610612736    | 2147483647
 localhost |    57638 | dist4                                                             | -1610612736   | -1073741825
 localhost |    57638 | "1234567890123456789012345678901234567890_Maxdist_01234567890123" | 0             | 536870911
 localhost |    57638 | "1234567890123456789012345678901234567890_Maxdist_01234567890123" | 1610612736    | 2147483647
 localhost |    57638 | "1234567890123456789012345678901234567890_Maxdist_01234567890123" | -1610612736   | -1073741825
 localhost |    57639 | dist1                                                             | -1073741824   | -536870913
 localhost |    57639 | dist1                                                             | 536870912     | 1073741823
 localhost |    57639 | dist2                                                             | -1073741824   | -536870913
 localhost |    57639 | dist2                                                             | 536870912     | 1073741823
 localhost |    57639 | dist3                                                             | -1073741824   | -536870913
 localhost |    57639 | dist3                                                             | 536870912     | 1073741823
 localhost |    57639 | dist4                                                             | -1073741824   | -536870913
 localhost |    57639 | dist4                                                             | 536870912     | 1073741823
 localhost |    57639 | "1234567890123456789012345678901234567890_Maxdist_01234567890123" | -1073741824   | -536870913
 localhost |    57639 | "1234567890123456789012345678901234567890_Maxdist_01234567890123" | 536870912     | 1073741823
(40 rows)

--
-- 2. 分片迁移
--
-- 迁移worker1的所有分片到worker3（worker迁移）
select jobid from cigration_create_move_node_job(:'worker_1_host', :worker_1_port, :'worker_3_host', :worker_3_port) limit 1 \gset
select cigration_run_shard_migration_job(:jobid);
 cigration_run_shard_migration_job 
-----------------------------------
 t
(1 row)

-- 迁移任务中应不包含非'dist'表
select * from pg_citus_shard_migration
where all_colocated_shards_id && (select array_agg(shardid) from pg_dist_shard where not logicalrelid::text ~ 'dist');
 jobid | taskid | source_nodename | source_nodeport | target_nodename | target_nodeport | status | colocationid | all_colocated_shards_id | all_colocated_shards_size | all_colocated_logicalrels | total_shard_count | total_shard_size | create_time | start_time | end_time | error_message 
-------+--------+-----------------+-----------------+-----------------+-----------------+--------+--------------+-------------------------+---------------------------+---------------------------+-------------------+------------------+-------------+------------+----------+---------------
(0 rows)

select nodename,
       nodeport,
	   logicalrelid,
	   shardminvalue,
	   shardmaxvalue
from pg_dist_shard_placement p
     join pg_dist_shard s on(p.shardid = s.shardid)
where logicalrelid::text ~ 'dist'
order by nodename,nodeport,logicalrelid,shardminvalue;
 nodename  | nodeport |                           logicalrelid                            | shardminvalue | shardmaxvalue 
-----------+----------+-------------------------------------------------------------------+---------------+---------------
 localhost |    57638 | dist1                                                             | 0             | 536870911
 localhost |    57638 | dist1                                                             | 1610612736    | 2147483647
 localhost |    57638 | dist1                                                             | -1610612736   | -1073741825
 localhost |    57638 | dist2                                                             | 0             | 536870911
 localhost |    57638 | dist2                                                             | 1610612736    | 2147483647
 localhost |    57638 | dist2                                                             | -1610612736   | -1073741825
 localhost |    57638 | dist3                                                             | 0             | 536870911
 localhost |    57638 | dist3                                                             | 1610612736    | 2147483647
 localhost |    57638 | dist3                                                             | -1610612736   | -1073741825
 localhost |    57638 | dist4                                                             | 0             | 536870911
 localhost |    57638 | dist4                                                             | 1610612736    | 2147483647
 localhost |    57638 | dist4                                                             | -1610612736   | -1073741825
 localhost |    57638 | "1234567890123456789012345678901234567890_Maxdist_01234567890123" | 0             | 536870911
 localhost |    57638 | "1234567890123456789012345678901234567890_Maxdist_01234567890123" | 1610612736    | 2147483647
 localhost |    57638 | "1234567890123456789012345678901234567890_Maxdist_01234567890123" | -1610612736   | -1073741825
 localhost |    57639 | dist1                                                             | 1073741824    | 1610612735
 localhost |    57639 | dist1                                                             | -1073741824   | -536870913
 localhost |    57639 | dist1                                                             | -2147483648   | -1610612737
 localhost |    57639 | dist1                                                             | 536870912     | 1073741823
 localhost |    57639 | dist1                                                             | -536870912    | -1
 localhost |    57639 | dist2                                                             | 1073741824    | 1610612735
 localhost |    57639 | dist2                                                             | -1073741824   | -536870913
 localhost |    57639 | dist2                                                             | -2147483648   | -1610612737
 localhost |    57639 | dist2                                                             | 536870912     | 1073741823
 localhost |    57639 | dist2                                                             | -536870912    | -1
 localhost |    57639 | dist3                                                             | 1073741824    | 1610612735
 localhost |    57639 | dist3                                                             | -1073741824   | -536870913
 localhost |    57639 | dist3                                                             | -2147483648   | -1610612737
 localhost |    57639 | dist3                                                             | 536870912     | 1073741823
 localhost |    57639 | dist3                                                             | -536870912    | -1
 localhost |    57639 | dist4                                                             | 1073741824    | 1610612735
 localhost |    57639 | dist4                                                             | -1073741824   | -536870913
 localhost |    57639 | dist4                                                             | -2147483648   | -1610612737
 localhost |    57639 | dist4                                                             | 536870912     | 1073741823
 localhost |    57639 | dist4                                                             | -536870912    | -1
 localhost |    57639 | "1234567890123456789012345678901234567890_Maxdist_01234567890123" | 1073741824    | 1610612735
 localhost |    57639 | "1234567890123456789012345678901234567890_Maxdist_01234567890123" | -1073741824   | -536870913
 localhost |    57639 | "1234567890123456789012345678901234567890_Maxdist_01234567890123" | -2147483648   | -1610612737
 localhost |    57639 | "1234567890123456789012345678901234567890_Maxdist_01234567890123" | 536870912     | 1073741823
 localhost |    57639 | "1234567890123456789012345678901234567890_Maxdist_01234567890123" | -536870912    | -1
(40 rows)

-- 检查分片迁移后SQL执行正常
select count(*) from dist1 a left join dist2 b on(a.c1=b.c1) left join dist3 c on (a.c1=c.c1);
 count  
--------
 100000
(1 row)

select count(*) from dist4;
 count  
--------
 100000
(1 row)

-- 分片再平衡(扩容)
-- 无job时，启动job报错
select cigration_run_shard_migration_job();
WARNING:  there are no migration job
CONTEXT:  PL/pgSQL function cigration_run_shard_migration_job(integer,integer[],integer,interval,boolean) line 34 at RAISE
 cigration_run_shard_migration_job 
-----------------------------------
 t
(1 row)

select jobid from cigration_create_rebalance_job() limit 1 \gset
-- 有唯一job时，可以省略jobid启动job
select cigration_run_shard_migration_job();
 cigration_run_shard_migration_job 
-----------------------------------
 t
(1 row)

select nodename,
       nodeport,
	   logicalrelid,
	   shardminvalue,
	   shardmaxvalue
from pg_dist_shard_placement p
     join pg_dist_shard s on(p.shardid = s.shardid)
where logicalrelid::text ~ 'dist'
order by nodename,nodeport,logicalrelid,shardminvalue;
 nodename  | nodeport |                           logicalrelid                            | shardminvalue | shardmaxvalue 
-----------+----------+-------------------------------------------------------------------+---------------+---------------
 localhost |    57637 | dist1                                                             | 1073741824    | 1610612735
 localhost |    57637 | dist1                                                             | 536870912     | 1073741823
 localhost |    57637 | dist2                                                             | 1073741824    | 1610612735
 localhost |    57637 | dist2                                                             | 536870912     | 1073741823
 localhost |    57637 | dist3                                                             | 1073741824    | 1610612735
 localhost |    57637 | dist3                                                             | 536870912     | 1073741823
 localhost |    57637 | dist4                                                             | 1073741824    | 1610612735
 localhost |    57637 | dist4                                                             | 536870912     | 1073741823
 localhost |    57637 | "1234567890123456789012345678901234567890_Maxdist_01234567890123" | 1073741824    | 1610612735
 localhost |    57637 | "1234567890123456789012345678901234567890_Maxdist_01234567890123" | 536870912     | 1073741823
 localhost |    57638 | dist1                                                             | 0             | 536870911
 localhost |    57638 | dist1                                                             | 1610612736    | 2147483647
 localhost |    57638 | dist1                                                             | -1610612736   | -1073741825
 localhost |    57638 | dist2                                                             | 0             | 536870911
 localhost |    57638 | dist2                                                             | 1610612736    | 2147483647
 localhost |    57638 | dist2                                                             | -1610612736   | -1073741825
 localhost |    57638 | dist3                                                             | 0             | 536870911
 localhost |    57638 | dist3                                                             | 1610612736    | 2147483647
 localhost |    57638 | dist3                                                             | -1610612736   | -1073741825
 localhost |    57638 | dist4                                                             | 0             | 536870911
 localhost |    57638 | dist4                                                             | 1610612736    | 2147483647
 localhost |    57638 | dist4                                                             | -1610612736   | -1073741825
 localhost |    57638 | "1234567890123456789012345678901234567890_Maxdist_01234567890123" | 0             | 536870911
 localhost |    57638 | "1234567890123456789012345678901234567890_Maxdist_01234567890123" | 1610612736    | 2147483647
 localhost |    57638 | "1234567890123456789012345678901234567890_Maxdist_01234567890123" | -1610612736   | -1073741825
 localhost |    57639 | dist1                                                             | -1073741824   | -536870913
 localhost |    57639 | dist1                                                             | -2147483648   | -1610612737
 localhost |    57639 | dist1                                                             | -536870912    | -1
 localhost |    57639 | dist2                                                             | -1073741824   | -536870913
 localhost |    57639 | dist2                                                             | -2147483648   | -1610612737
 localhost |    57639 | dist2                                                             | -536870912    | -1
 localhost |    57639 | dist3                                                             | -1073741824   | -536870913
 localhost |    57639 | dist3                                                             | -2147483648   | -1610612737
 localhost |    57639 | dist3                                                             | -536870912    | -1
 localhost |    57639 | dist4                                                             | -1073741824   | -536870913
 localhost |    57639 | dist4                                                             | -2147483648   | -1610612737
 localhost |    57639 | dist4                                                             | -536870912    | -1
 localhost |    57639 | "1234567890123456789012345678901234567890_Maxdist_01234567890123" | -1073741824   | -536870913
 localhost |    57639 | "1234567890123456789012345678901234567890_Maxdist_01234567890123" | -2147483648   | -1610612737
 localhost |    57639 | "1234567890123456789012345678901234567890_Maxdist_01234567890123" | -536870912    | -1
(40 rows)

-- 检查分片迁移后SQL执行正常
select count(*) from dist1 a left join dist2 b on(a.c1=b.c1) left join dist3 c on (a.c1=c.c1);
 count  
--------
 100000
(1 row)

select count(*) from dist4;
 count  
--------
 100000
(1 row)

-- 从worker2和worker3迁移走所有分片（缩容）
select jobid from cigration_create_drain_node_job(array[concat(:'worker_2_host', ':', :worker_2_port), concat(:'worker_3_host', ':', :worker_3_port)]) limit 1 \gset
select cigration_run_shard_migration_job(:jobid);
 cigration_run_shard_migration_job 
-----------------------------------
 t
(1 row)

select nodename,
       nodeport,
	   logicalrelid,
	   shardminvalue,
	   shardmaxvalue
from pg_dist_shard_placement p
     join pg_dist_shard s on(p.shardid = s.shardid)
where logicalrelid::text ~ 'dist'
order by nodename,nodeport,logicalrelid,shardminvalue;
 nodename  | nodeport |                           logicalrelid                            | shardminvalue | shardmaxvalue 
-----------+----------+-------------------------------------------------------------------+---------------+---------------
 localhost |    57637 | dist1                                                             | 0             | 536870911
 localhost |    57637 | dist1                                                             | 1073741824    | 1610612735
 localhost |    57637 | dist1                                                             | -1073741824   | -536870913
 localhost |    57637 | dist1                                                             | 1610612736    | 2147483647
 localhost |    57637 | dist1                                                             | -1610612736   | -1073741825
 localhost |    57637 | dist1                                                             | -2147483648   | -1610612737
 localhost |    57637 | dist1                                                             | 536870912     | 1073741823
 localhost |    57637 | dist1                                                             | -536870912    | -1
 localhost |    57637 | dist2                                                             | 0             | 536870911
 localhost |    57637 | dist2                                                             | 1073741824    | 1610612735
 localhost |    57637 | dist2                                                             | -1073741824   | -536870913
 localhost |    57637 | dist2                                                             | 1610612736    | 2147483647
 localhost |    57637 | dist2                                                             | -1610612736   | -1073741825
 localhost |    57637 | dist2                                                             | -2147483648   | -1610612737
 localhost |    57637 | dist2                                                             | 536870912     | 1073741823
 localhost |    57637 | dist2                                                             | -536870912    | -1
 localhost |    57637 | dist3                                                             | 0             | 536870911
 localhost |    57637 | dist3                                                             | 1073741824    | 1610612735
 localhost |    57637 | dist3                                                             | -1073741824   | -536870913
 localhost |    57637 | dist3                                                             | 1610612736    | 2147483647
 localhost |    57637 | dist3                                                             | -1610612736   | -1073741825
 localhost |    57637 | dist3                                                             | -2147483648   | -1610612737
 localhost |    57637 | dist3                                                             | 536870912     | 1073741823
 localhost |    57637 | dist3                                                             | -536870912    | -1
 localhost |    57637 | dist4                                                             | 0             | 536870911
 localhost |    57637 | dist4                                                             | 1073741824    | 1610612735
 localhost |    57637 | dist4                                                             | -1073741824   | -536870913
 localhost |    57637 | dist4                                                             | 1610612736    | 2147483647
 localhost |    57637 | dist4                                                             | -1610612736   | -1073741825
 localhost |    57637 | dist4                                                             | -2147483648   | -1610612737
 localhost |    57637 | dist4                                                             | 536870912     | 1073741823
 localhost |    57637 | dist4                                                             | -536870912    | -1
 localhost |    57637 | "1234567890123456789012345678901234567890_Maxdist_01234567890123" | 0             | 536870911
 localhost |    57637 | "1234567890123456789012345678901234567890_Maxdist_01234567890123" | 1073741824    | 1610612735
 localhost |    57637 | "1234567890123456789012345678901234567890_Maxdist_01234567890123" | -1073741824   | -536870913
 localhost |    57637 | "1234567890123456789012345678901234567890_Maxdist_01234567890123" | 1610612736    | 2147483647
 localhost |    57637 | "1234567890123456789012345678901234567890_Maxdist_01234567890123" | -1610612736   | -1073741825
 localhost |    57637 | "1234567890123456789012345678901234567890_Maxdist_01234567890123" | -2147483648   | -1610612737
 localhost |    57637 | "1234567890123456789012345678901234567890_Maxdist_01234567890123" | 536870912     | 1073741823
 localhost |    57637 | "1234567890123456789012345678901234567890_Maxdist_01234567890123" | -536870912    | -1
(40 rows)

-- 检查分片迁移后SQL执行正常
select count(*) from dist1 a left join dist2 b on(a.c1=b.c1) left join dist3 c on (a.c1=c.c1);
 count  
--------
 100000
(1 row)

select count(*) from dist4;
 count  
--------
 100000
(1 row)

-- 分片再平衡(扩容)
select jobid from cigration_create_rebalance_job() limit 1 \gset
select cigration_run_shard_migration_job(:jobid);
 cigration_run_shard_migration_job 
-----------------------------------
 t
(1 row)

select nodename,
       nodeport,
	   logicalrelid,
	   shardminvalue,
	   shardmaxvalue
from pg_dist_shard_placement p
     join pg_dist_shard s on(p.shardid = s.shardid)
where logicalrelid::text ~ 'dist'
order by nodename,nodeport,logicalrelid,shardminvalue;
 nodename  | nodeport |                           logicalrelid                            | shardminvalue | shardmaxvalue 
-----------+----------+-------------------------------------------------------------------+---------------+---------------
 localhost |    57637 | dist1                                                             | -1073741824   | -536870913
 localhost |    57637 | dist1                                                             | -1610612736   | -1073741825
 localhost |    57637 | dist1                                                             | -2147483648   | -1610612737
 localhost |    57637 | dist2                                                             | -1073741824   | -536870913
 localhost |    57637 | dist2                                                             | -1610612736   | -1073741825
 localhost |    57637 | dist2                                                             | -2147483648   | -1610612737
 localhost |    57637 | dist3                                                             | -1073741824   | -536870913
 localhost |    57637 | dist3                                                             | -1610612736   | -1073741825
 localhost |    57637 | dist3                                                             | -2147483648   | -1610612737
 localhost |    57637 | dist4                                                             | -1073741824   | -536870913
 localhost |    57637 | dist4                                                             | -1610612736   | -1073741825
 localhost |    57637 | dist4                                                             | -2147483648   | -1610612737
 localhost |    57637 | "1234567890123456789012345678901234567890_Maxdist_01234567890123" | -1073741824   | -536870913
 localhost |    57637 | "1234567890123456789012345678901234567890_Maxdist_01234567890123" | -1610612736   | -1073741825
 localhost |    57637 | "1234567890123456789012345678901234567890_Maxdist_01234567890123" | -2147483648   | -1610612737
 localhost |    57638 | dist1                                                             | 0             | 536870911
 localhost |    57638 | dist1                                                             | 536870912     | 1073741823
 localhost |    57638 | dist1                                                             | -536870912    | -1
 localhost |    57638 | dist2                                                             | 0             | 536870911
 localhost |    57638 | dist2                                                             | 536870912     | 1073741823
 localhost |    57638 | dist2                                                             | -536870912    | -1
 localhost |    57638 | dist3                                                             | 0             | 536870911
 localhost |    57638 | dist3                                                             | 536870912     | 1073741823
 localhost |    57638 | dist3                                                             | -536870912    | -1
 localhost |    57638 | dist4                                                             | 0             | 536870911
 localhost |    57638 | dist4                                                             | 536870912     | 1073741823
 localhost |    57638 | dist4                                                             | -536870912    | -1
 localhost |    57638 | "1234567890123456789012345678901234567890_Maxdist_01234567890123" | 0             | 536870911
 localhost |    57638 | "1234567890123456789012345678901234567890_Maxdist_01234567890123" | 536870912     | 1073741823
 localhost |    57638 | "1234567890123456789012345678901234567890_Maxdist_01234567890123" | -536870912    | -1
 localhost |    57639 | dist1                                                             | 1073741824    | 1610612735
 localhost |    57639 | dist1                                                             | 1610612736    | 2147483647
 localhost |    57639 | dist2                                                             | 1073741824    | 1610612735
 localhost |    57639 | dist2                                                             | 1610612736    | 2147483647
 localhost |    57639 | dist3                                                             | 1073741824    | 1610612735
 localhost |    57639 | dist3                                                             | 1610612736    | 2147483647
 localhost |    57639 | dist4                                                             | 1073741824    | 1610612735
 localhost |    57639 | dist4                                                             | 1610612736    | 2147483647
 localhost |    57639 | "1234567890123456789012345678901234567890_Maxdist_01234567890123" | 1073741824    | 1610612735
 localhost |    57639 | "1234567890123456789012345678901234567890_Maxdist_01234567890123" | 1610612736    | 2147483647
(40 rows)

-- 检查分片迁移后SQL执行正常
select count(*) from dist1 a left join dist2 b on(a.c1=b.c1) left join dist3 c on (a.c1=c.c1);
 count  
--------
 100000
(1 row)

select count(*) from dist4;
 count  
--------
 100000
(1 row)

select count(*) from "1234567890123456789012345678901234567890_Maxdist_01234567890123";
 count  
--------
 100000
(1 row)

--
-- 3. 旧分片清理
--
select nodename,nodeport,count(*)
from cigration_get_recyclebin_metadata()
group by nodename,nodeport
order by nodename,nodeport;
 nodename  | nodeport | count 
-----------+----------+-------
 localhost |    57637 |     4
 localhost |    57638 |     4
 localhost |    57639 |     4
(3 rows)

select cigration_cleanup_recyclebin();
 cigration_cleanup_recyclebin 
------------------------------
 
(1 row)

select nodename,nodeport,count(*)
from cigration_get_recyclebin_metadata()
group by nodename,nodeport
order by nodename,nodeport;
 nodename | nodeport | count 
----------+----------+-------
(0 rows)

--
-- 4. 测试环境清理
--
-- 确认pg_citus_shard_migration中的记录为空
select count(*) from pg_citus_shard_migration;
 count 
-------
     0
(1 row)

