/** 
测试环境信息
CN：127.0.0.1
    WORKER1：worker_1_host/57637
    WORKER2：worker_2_host/57638
    WORKER3：worker_3_host/57639

worker_1_host、worker_2_host、worker_3_host：都是127.0.0.1
*/
set datestyle = ISO, YMD;
set search_path = cigration_regress_test, cigration, public;
set citus.shard_count = 8;
set client_min_messages to warning;
drop schema if exists cigration_regress_test cascade;
create schema cigration_regress_test;
--
-- 1. 建表
--
-- 创建2组亲和的分片表
create table dist1(c1 int primary key, c2 text);
select create_distributed_table('dist1','c1', colocate_with=>'none');
 create_distributed_table 
--------------------------
 
(1 row)

-- 查看所有分片的初始分布
select nodename,
       nodeport,
	   logicalrelid,
	   shardminvalue,
	   shardmaxvalue
from pg_dist_shard_placement p
     join pg_dist_shard s on(p.shardid = s.shardid)
where logicalrelid::text ~ 'dist'
order by nodename,nodeport,logicalrelid,shardminvalue;
 nodename  | nodeport | logicalrelid | shardminvalue | shardmaxvalue 
-----------+----------+--------------+---------------+---------------
 localhost |    57637 | dist1        | 1073741824    | 1610612735
 localhost |    57637 | dist1        | -2147483648   | -1610612737
 localhost |    57637 | dist1        | -536870912    | -1
 localhost |    57638 | dist1        | 0             | 536870911
 localhost |    57638 | dist1        | 1610612736    | 2147483647
 localhost |    57638 | dist1        | -1610612736   | -1073741825
 localhost |    57639 | dist1        | -1073741824   | -536870913
 localhost |    57639 | dist1        | 536870912     | 1073741823
(8 rows)

--
-- 2. 分片迁移
--
-- 迁移worker1的所有分片到worker3（worker迁移）
select jobid from cigration_create_move_node_job(:'worker_1_host', :worker_1_port, :'worker_3_host', :worker_3_port) limit 1 \gset
select cigration_run_shard_migration_job(:jobid);
 cigration_run_shard_migration_job 
-----------------------------------
 t
(1 row)

select nodename,
       nodeport,
	   logicalrelid,
	   shardminvalue,
	   shardmaxvalue
from pg_dist_shard_placement p
     join pg_dist_shard s on(p.shardid = s.shardid)
where logicalrelid::text ~ 'dist'
order by nodename,nodeport,logicalrelid,shardminvalue;
 nodename  | nodeport | logicalrelid | shardminvalue | shardmaxvalue 
-----------+----------+--------------+---------------+---------------
 localhost |    57638 | dist1        | 0             | 536870911
 localhost |    57638 | dist1        | 1610612736    | 2147483647
 localhost |    57638 | dist1        | -1610612736   | -1073741825
 localhost |    57639 | dist1        | 1073741824    | 1610612735
 localhost |    57639 | dist1        | -1073741824   | -536870913
 localhost |    57639 | dist1        | -2147483648   | -1610612737
 localhost |    57639 | dist1        | 536870912     | 1073741823
 localhost |    57639 | dist1        | -536870912    | -1
(8 rows)

-- 检查分片迁移后SQL执行正常
select count(*) from dist1;
 count 
-------
     0
(1 row)

--
-- 3. 旧分片清理
--
select nodename,nodeport,count(*)
from cigration_get_recyclebin_metadata()
group by nodename,nodeport
order by nodename,nodeport;
 nodename  | nodeport | count 
-----------+----------+-------
 localhost |    57637 |     1
 localhost |    57638 |     1
 localhost |    57639 |     1
(3 rows)

select cigration_cleanup_recyclebin();
 cigration_cleanup_recyclebin 
------------------------------
 
(1 row)

select nodename,nodeport,count(*)
from cigration_get_recyclebin_metadata()
group by nodename,nodeport
order by nodename,nodeport;
 nodename | nodeport | count 
----------+----------+-------
(0 rows)

--
-- 4. 测试环境清理
--
-- 确认pg_citus_shard_migration中的记录为空
select count(*) from pg_citus_shard_migration;
 count 
-------
     0
(1 row)

